// Jest Snapshot v1, https://goo.gl/fbAQLP

exports[`Pruebas <GifGridItem /> Debe de mostrar el componente correctamente 1`] = `
<div
  className="card animate__fadeIn animate__delay-2s"
>
  <img
    alt="Un titulo"
    src="https://localhost/algo.jpg"
  />
  <p>
    Un titulo
  </p>
</div>
`;
